// Jest Snapshot v1, https://goo.gl/fbAQLP

exports[`sqle/components/CardWrapper render snap when click more link 1`] = `
<body>
  <div>
    <div
      class="ant-card ant-card-hoverable css-121p60i"
    >
      <div
        class="ant-card-body"
      >
        <header
          class="card-header"
        >
          <div
            class="title"
          >
            <div
              class="title-cont"
            >
              a title
            </div>
            <span
              class="anticon icon-tip ant-tooltip-open"
              role="img"
            >
              <svg
                height="14"
                viewBox="0 0 14 14"
                width="14"
                xmlns="http://www.w3.org/2000/svg"
              >
                <path
                  d="M7 12.833A5.833 5.833 0 1 1 7 1.167a5.833 5.833 0 0 1 0 11.666m0-1.166a4.666 4.666 0 1 0 0-9.333 4.666 4.666 0 0 0 0 9.333m-.583-7.584h1.166V5.25H6.417zm0 2.334h1.166v3.5H6.417z"
                  fill="#EDB054"
                />
              </svg>
            </span>
          </div>
          <div
            class="extra"
          >
            <span
              class="anticon"
              role="img"
            >
              <svg
                aria-hidden="true"
                class=""
                fill="currentColor"
                focusable="false"
                height="1em"
                viewBox="0 0 16 16"
                width="1em"
                xmlns="http://www.w3.org/2000/svg"
              >
                <path
                  d="M3.333 6.667C2.6 6.667 2 7.267 2 8s.6 1.333 1.333 1.333c.734 0 1.334-.6 1.334-1.333s-.6-1.333-1.334-1.333m9.334 0c-.734 0-1.334.6-1.334 1.333s.6 1.333 1.334 1.333C13.4 9.333 14 8.733 14 8s-.6-1.333-1.333-1.333M8 6.667c-.733 0-1.333.6-1.333 1.333S7.267 9.333 8 9.333 9.333 8.733 9.333 8 8.733 6.667 8 6.667"
                  fill="#8A8F99"
                />
              </svg>
            </span>
            a extra
          </div>
        </header>
        <section
          class="card-cont"
        >
          <span>
            this is a children
          </span>
        </section>
      </div>
    </div>
  </div>
  <div>
    <div
      class="ant-tooltip ant-zoom-big-fast-appear ant-zoom-big-fast-appear-prepare ant-zoom-big-fast ant-tooltip-placement-top"
      style="--arrow-x: 0px; --arrow-y: 0px; left: -1000vw; top: -1000vh; box-sizing: border-box;"
    >
      <div
        class="ant-tooltip-arrow"
        style="position: absolute; bottom: 0px; left: 0px;"
      />
      <div
        class="ant-tooltip-content"
      >
        <div
          class="ant-tooltip-inner"
          role="tooltip"
        >
          a tips
        </div>
      </div>
    </div>
  </div>
</body>
`;

exports[`sqle/components/CardWrapper render snap when enabledLoading is true 1`] = `
<body>
  <div>
    <div
      class="ant-card ant-card-loading ant-card-hoverable css-121p60i"
    >
      <div
        class="ant-card-body"
      >
        <div
          class="ant-skeleton ant-skeleton-active"
        >
          <div
            class="ant-skeleton-content"
          >
            <ul
              class="ant-skeleton-paragraph"
            >
              <li />
              <li />
              <li />
              <li
                style="width: 61%;"
              />
            </ul>
          </div>
        </div>
      </div>
    </div>
  </div>
</body>
`;
