// Jest Snapshot v1, https://goo.gl/fbAQLP

exports[`test useCreateDataExportReduxManage should match snapshot 1`] = `
{
  "auditLoading": false,
  "clearAllState": [Function],
  "formValues": {
    "baseValues": {
      "desc": "desc",
      "workflow_subject": "test",
    },
    "methodValues": {
      "exportMethod": "sql",
      "sql": "select 1;",
    },
    "sourceValues": {
      "dbService": "121",
    },
  },
  "initModalStatus": [Function],
  "pageState": "CREATE_TASK",
  "submitLoading": false,
  "taskIDs": [
    "11111",
  ],
  "updateAuditLoading": [Function],
  "updateDataExportInfoOpen": false,
  "updateFormValues": [Function],
  "updateModalStatus": [Function],
  "updatePageState": [Function],
  "updateSubmitLoading": [Function],
  "updateTaskIDs": [Function],
  "updateWorkflowID": [Function],
  "workflowID": "123",
}
`;
