// Jest Snapshot v1, https://goo.gl/fbAQLP

exports[`CustomLoadingIndicator should match snapshot 1`] = `
<div>
  <div
    class="custom-loading-container css-1k3epu0"
  >
    <span
      class="custom-icon-spin-dot loading-animation-icon css-u3jcp4"
    >
      <svg
        fill="currentColor"
        height="30"
        viewBox="0 0 24 30"
        width="24"
        xmlns="http://www.w3.org/2000/svg"
      >
        <rect
          fill="currentColor"
          height="10"
          opacity="0.2"
          width="4"
          x="0"
          y="10"
        >
          <animate
            attributeName="opacity"
            attributeType="XML"
            begin="0s"
            dur="0.6s"
            repeatCount="indefinite"
            values="0.2; 1; .2"
          />
          <animate
            attributeName="height"
            attributeType="XML"
            begin="0s"
            dur="0.6s"
            repeatCount="indefinite"
            values="10; 20; 10"
          />
          <animate
            attributeName="y"
            attributeType="XML"
            begin="0s"
            dur="0.6s"
            repeatCount="indefinite"
            values="10; 5; 10"
          />
        </rect>
        <rect
          fill="currentColor"
          height="10"
          opacity="0.2"
          width="4"
          x="8"
          y="10"
        >
          <animate
            attributeName="opacity"
            attributeType="XML"
            begin="0.15s"
            dur="0.6s"
            repeatCount="indefinite"
            values="0.2; 1; .2"
          />
          <animate
            attributeName="height"
            attributeType="XML"
            begin="0.15s"
            dur="0.6s"
            repeatCount="indefinite"
            values="10; 20; 10"
          />
          <animate
            attributeName="y"
            attributeType="XML"
            begin="0.15s"
            dur="0.6s"
            repeatCount="indefinite"
            values="10; 5; 10"
          />
        </rect>
        <rect
          fill="currentColor"
          height="10"
          opacity="0.2"
          width="4"
          x="16"
          y="10"
        >
          <animate
            attributeName="opacity"
            attributeType="XML"
            begin="0.3s"
            dur="0.6s"
            repeatCount="indefinite"
            values="0.2; 1; .2"
          />
          <animate
            attributeName="height"
            attributeType="XML"
            begin="0.3s"
            dur="0.6s"
            repeatCount="indefinite"
            values="10; 20; 10"
          />
          <animate
            attributeName="y"
            attributeType="XML"
            begin="0.3s"
            dur="0.6s"
            repeatCount="indefinite"
            values="10; 5; 10"
          />
        </rect>
      </svg>
    </span>
    <div
      class="loading-text"
    >
      <span
        class="ai-icon"
      />
      AI 正在思考中...
    </div>
    <div
      class="loading-subtext"
    >
      正在使用大模型生成结果，请稍候...
    </div>
  </div>
</div>
`;
