// Jest Snapshot v1, https://goo.gl/fbAQLP

exports[`sqle/SqlExecWorkflow/Detail/WorkflowDetailPageHeaderExtra ce render rollback button 1`] = `
<body>
  <div>
    <div
      class="css-12u4yvr"
    >
      <div
        hidden=""
      >
        <button
          class="ant-btn ant-btn-default ant-btn-dangerous basic-button-wrapper css-10ae2zl"
          type="button"
        >
          <span>
            关闭工单
          </span>
        </button>
        <div
          class="ant-divider ant-divider-vertical workflow-detail-page-header-divider"
          role="separator"
        />
      </div>
      <button
        class="ant-btn ant-btn-default basic-button-wrapper css-10ae2zl"
        hidden=""
        type="button"
      >
        <span>
          修改工单
        </span>
      </button>
      <button
        class="ant-btn ant-btn-default basic-button-wrapper css-10ae2zl"
        type="button"
      >
        <span>
          上线到其他实例
        </span>
      </button>
      <button
        class="ant-btn ant-btn-default basic-button-wrapper css-10ae2zl"
        hidden=""
        type="button"
      >
        <span>
          全部驳回
        </span>
      </button>
      <button
        class="ant-btn ant-btn-primary basic-button-wrapper css-10ae2zl"
        hidden=""
        type="button"
      >
        <span>
          审核通过
        </span>
      </button>
      <button
        class="ant-btn ant-btn-primary basic-button-wrapper css-10ae2zl"
        confirm="[object Object]"
        disabled=""
        hidden=""
        type="button"
      >
        <span>
          批量立即上线
        </span>
      </button>
      <button
        class="ant-btn ant-btn-primary basic-button-wrapper css-10ae2zl"
        confirm="[object Object]"
        disabled=""
        hidden=""
        type="button"
      >
        <span>
          标记为人工上线
        </span>
      </button>
      <div
        class="ant-space ant-space-horizontal ant-space-align-center"
        hidden=""
      >
        <div
          class="ant-space-item"
          style="margin-right: 0px;"
        >
          <button
            class="ant-btn ant-btn-default ant-btn-dangerous basic-button-wrapper css-10ae2zl"
            type="button"
          >
            <span>
              中止上线
            </span>
          </button>
        </div>
        <div
          class="ant-space-item"
          style="margin-right: 0px;"
        >
          <div
            class="ant-divider ant-divider-vertical workflow-detail-page-header-divider"
            role="separator"
          />
        </div>
        <div
          class="ant-space-item"
        >
          <button
            class="ant-btn ant-btn-default basic-button-wrapper css-10ae2zl"
            type="button"
          >
            <span>
              刷新工单
            </span>
          </button>
        </div>
      </div>
      <div
        class="toggle-workflow-detail-wrapper"
        hidden=""
      >
        工单详情
      </div>
    </div>
  </div>
</body>
`;
