// Jest Snapshot v1, https://goo.gl/fbAQLP

exports[`ReportStatistics/AIGovernance/StrategicInsight should render strategic insight module and efficiency cards 1`] = `
<body>
  <div>
    <div
      class="css-fm9985"
    >
      <div
        class="strategic-insight-header"
      >
        <div
          class="css-1baqgp0"
        >
          <span
            class="module-title-icon"
          >
            <svg
              fill="none"
              height="16"
              stroke="currentColor"
              stroke-linecap="round"
              stroke-linejoin="round"
              stroke-width="2"
              viewBox="0 0 24 24"
              width="16"
              xmlns="http://www.w3.org/2000/svg"
            >
              <path
                d="M12.83 2.18a2 2 0 0 0-1.66 0L2.6 6.08a1 1 0 0 0 0 1.83l8.58 3.91a2 2 0 0 0 1.66 0l8.58-3.9a1 1 0 0 0 0-1.83z"
              />
              <path
                d="M2 12a1 1 0 0 0 .58.91l8.6 3.91a2 2 0 0 0 1.65 0l8.58-3.9A1 1 0 0 0 22 12"
              />
              <path
                d="M2 17a1 1 0 0 0 .58.91l8.6 3.91a2 2 0 0 0 1.65 0l8.58-3.9A1 1 0 0 0 22 17"
              />
            </svg>
          </span>
          <span
            class="module-title-text"
          >
            战略价值
          </span>
          <span
            class="module-title-desc"
          >
            决策层
          </span>
        </div>
      </div>
      <div
        class="strategic-cards"
      >
        <div
          class="value-milestone-banner"
        >
          <div
            class="milestone-bg-icon-wrapper"
          >
            <svg
              class="milestone-bg-icon"
              fill="none"
              height="16"
              stroke="currentColor"
              stroke-linecap="round"
              stroke-linejoin="round"
              stroke-width="2"
              viewBox="0 0 24 24"
              width="16"
              xmlns="http://www.w3.org/2000/svg"
            >
              <path
                d="M9.937 15.5A2 2 0 0 0 8.5 14.063l-6.135-1.582a.5.5 0 0 1 0-.962L8.5 9.936A2 2 0 0 0 9.937 8.5l1.582-6.135a.5.5 0 0 1 .963 0L14.063 8.5A2 2 0 0 0 15.5 9.937l6.135 1.581a.5.5 0 0 1 0 .964L15.5 14.063a2 2 0 0 0-1.437 1.437l-1.582 6.135a.5.5 0 0 1-.963 0zM20 3v4M22 5h-4M4 17v2M5 18H3"
              />
            </svg>
          </div>
          <div
            class="milestone-content"
          >
            <div
              class="milestone-main"
            >
              <div
                class="milestone-text"
              >
                <h4
                  class="ant-typography milestone-title"
                >
                  AI 战略价值里程碑
                </h4>
                <div
                  class="ant-typography milestone-description"
                >
                  通过智能审核与优化，推动质量与效率双提升
                </div>
              </div>
            </div>
          </div>
        </div>
        <div
          class="css-1xm66ah"
        >
          <div
            class="ant-row ant-row-no-wrap"
            style="margin: -8px -8px -8px -8px;"
          >
            <div
              class="ant-col"
              style="padding: 8px 8px 8px 8px; flex: 1 0 0px; min-width: 0;"
            >
              <div
                class="ant-card ant-card-bordered ant-card-hoverable ant-card-small efficiency-card"
              >
                <div
                  class="ant-card-body"
                >
                  <div
                    class="card-icon-wrapper metric-security_defense"
                  >
                    <div
                      class="card-icon"
                    >
                      <svg
                        fill="none"
                        height="16"
                        stroke="currentColor"
                        stroke-linecap="round"
                        stroke-linejoin="round"
                        stroke-width="2"
                        viewBox="0 0 24 24"
                        width="16"
                        xmlns="http://www.w3.org/2000/svg"
                      >
                        <path
                          d="M20 13c0 5-3.5 7.5-7.66 8.95a1 1 0 0 1-.67-.01C7.5 20.5 4 18 4 13V6a1 1 0 0 1 1-1c2 0 4.5-1.2 6.24-2.72a1.17 1.17 0 0 1 1.52 0C14.51 3.81 17 5 19 5a1 1 0 0 1 1 1z"
                        />
                        <path
                          d="m9 12 2 2 4-4"
                        />
                      </svg>
                    </div>
                  </div>
                  <div
                    class="card-title"
                  >
                    高危风险消除率
                  </div>
                  <div
                    class="card-evaluation"
                  >
                    高
                  </div>
                  <div
                    class="card-value metric-security_defense"
                  >
                    18
                  </div>
                </div>
              </div>
            </div>
            <div
              class="ant-col"
              style="padding: 8px 8px 8px 8px; flex: 1 0 0px; min-width: 0;"
            >
              <div
                class="ant-card ant-card-bordered ant-card-hoverable ant-card-small efficiency-card"
              >
                <div
                  class="ant-card-body"
                >
                  <div
                    class="card-icon-wrapper metric-query_performance"
                  >
                    <div
                      class="card-icon"
                    >
                      <svg
                        fill="none"
                        height="16"
                        stroke="currentColor"
                        stroke-linecap="round"
                        stroke-linejoin="round"
                        stroke-width="2"
                        viewBox="0 0 24 24"
                        width="16"
                        xmlns="http://www.w3.org/2000/svg"
                      >
                        <path
                          d="M4 14a1 1 0 0 1-.78-1.63l9.9-10.2a.5.5 0 0 1 .86.46l-1.92 6.02A1 1 0 0 0 13 10h7a1 1 0 0 1 .78 1.63l-9.9 10.2a.5.5 0 0 1-.86-.46l1.92-6.02A1 1 0 0 0 11 14z"
                        />
                      </svg>
                    </div>
                  </div>
                  <div
                    class="card-title"
                  >
                    平均性能提升
                  </div>
                  <div
                    class="card-evaluation"
                  >
                    中
                  </div>
                  <div
                    class="card-value metric-query_performance"
                  >
                    12
                  </div>
                </div>
              </div>
            </div>
          </div>
        </div>
      </div>
    </div>
  </div>
</body>
`;
