// Jest Snapshot v1, https://goo.gl/fbAQLP

exports[`page/SqlManagement/ChangeStatus change status and submit data 1`] = `
<body>
  <div />
  <div>
    <div
      class="ant-modal-root"
    >
      <div
        class="ant-modal-mask"
      />
      <div
        class="ant-modal-wrap"
        tabindex="-1"
      >
        <div
          aria-labelledby="test-id"
          aria-modal="true"
          class="ant-modal basic-modal-wrapper css-vvpsbb"
          role="dialog"
          style="width: 480px;"
        >
          <div
            aria-hidden="true"
            style="width: 0px; height: 0px; overflow: hidden; outline: none;"
            tabindex="0"
          />
          <div
            class="ant-modal-content"
          >
            <div
              class="ant-modal-header"
            >
              <div
                class="ant-modal-title"
                id="test-id"
              >
                变更状态
              </div>
            </div>
            <div
              class="ant-modal-body"
            >
              <form
                class="ant-form ant-form-horizontal"
              >
                <div
                  class="ant-form-item css-1jlm9cy"
                >
                  <div
                    class="ant-row ant-form-item-row"
                  >
                    <div
                      class="ant-col ant-form-item-label"
                    >
                      <label
                        class="ant-form-item-required"
                        for="status"
                        title="变更状态为"
                      >
                        变更状态为
                      </label>
                    </div>
                    <div
                      class="ant-col ant-form-item-control"
                    >
                      <div
                        class="ant-form-item-control-input"
                      >
                        <div
                          class="ant-form-item-control-input-content"
                        >
                          <div
                            aria-required="true"
                            class="ant-radio-group ant-radio-group-outline"
                            id="status"
                          >
                            <div
                              class="ant-space ant-space-vertical"
                            >
                              <div
                                class="ant-space-item"
                                style="margin-bottom: 0px;"
                              >
                                <label
                                  class="ant-radio-wrapper ant-radio-wrapper-checked ant-radio-wrapper-in-form-item"
                                  style="line-height: 32px;"
                                >
                                  <span
                                    class="ant-radio ant-radio-checked"
                                  >
                                    <input
                                      checked=""
                                      class="ant-radio-input"
                                      type="radio"
                                      value="solved"
                                    />
                                    <span
                                      class="ant-radio-inner"
                                    />
                                  </span>
                                  <span>
                                    解决
                                  </span>
                                </label>
                              </div>
                              <div
                                class="ant-space-item"
                                style="margin-bottom: 0px;"
                              >
                                <label
                                  class="ant-radio-wrapper ant-radio-wrapper-in-form-item"
                                  style="line-height: 32px;"
                                >
                                  <span
                                    class="ant-radio"
                                  >
                                    <input
                                      class="ant-radio-input"
                                      type="radio"
                                      value="ignored"
                                    />
                                    <span
                                      class="ant-radio-inner"
                                    />
                                  </span>
                                  <span>
                                    忽略
                                  </span>
                                </label>
                              </div>
                              <div
                                class="ant-space-item"
                              >
                                <label
                                  class="ant-radio-wrapper ant-radio-wrapper-in-form-item"
                                  style="line-height: 32px;"
                                >
                                  <span
                                    class="ant-radio"
                                  >
                                    <input
                                      class="ant-radio-input"
                                      type="radio"
                                      value="manual_audited"
                                    />
                                    <span
                                      class="ant-radio-inner"
                                    />
                                  </span>
                                  <span>
                                    人工审核
                                  </span>
                                </label>
                              </div>
                            </div>
                          </div>
                        </div>
                      </div>
                    </div>
                  </div>
                </div>
              </form>
            </div>
            <div
              class="ant-modal-footer"
            >
              <div
                class="ant-space ant-space-horizontal ant-space-align-center"
              >
                <div
                  class="ant-space-item"
                  style="margin-right: 8px;"
                >
                  <button
                    class="ant-btn ant-btn-default basic-button-wrapper css-10ae2zl"
                    type="button"
                  >
                    <span>
                      取 消
                    </span>
                  </button>
                </div>
                <div
                  class="ant-space-item"
                >
                  <button
                    class="ant-btn ant-btn-primary basic-button-wrapper css-10ae2zl"
                    type="button"
                  >
                    <span>
                      确 认
                    </span>
                  </button>
                </div>
              </div>
            </div>
          </div>
          <div
            aria-hidden="true"
            style="width: 0px; height: 0px; overflow: hidden; outline: none;"
            tabindex="0"
          />
        </div>
      </div>
    </div>
  </div>
</body>
`;

exports[`page/SqlManagement/ChangeStatus render modal when not open 1`] = `
<body>
  <div />
</body>
`;
