// Jest Snapshot v1, https://goo.gl/fbAQLP

exports[`test ExportRuleTemplate should match snapshot 1`] = `
<body>
  <div />
  <div />
  <div>
    <div
      class="ant-modal-root"
    >
      <div
        class="ant-modal-mask"
      />
      <div
        class="ant-modal-wrap"
        tabindex="-1"
      >
        <div
          aria-labelledby="test-id"
          aria-modal="true"
          class="ant-modal basic-modal-wrapper css-vvpsbb ant-zoom-appear ant-zoom-appear-prepare ant-zoom"
          role="dialog"
          style="width: 480px;"
        >
          <div
            aria-hidden="true"
            style="width: 0px; height: 0px; overflow: hidden; outline: none;"
            tabindex="0"
          />
          <div
            class="ant-modal-content"
          >
            <button
              aria-label="Close"
              class="ant-modal-close"
              type="button"
            >
              <span
                class="ant-modal-close-x"
              >
                <svg
                  fill="currentColor"
                  height="16"
                  viewBox="0 0 14 14"
                  width="16"
                  xmlns="http://www.w3.org/2000/svg"
                >
                  <path
                    d="m7 6.175 2.887-2.887.825.825L7.825 7l2.887 2.888-.825.824L7 7.825l-2.888 2.887-.824-.824L6.175 7 3.288 4.113l.824-.825z"
                  />
                </svg>
              </span>
            </button>
            <div
              class="ant-modal-header"
            >
              <div
                class="ant-modal-title"
                id="test-id"
              >
                导出规则模板
              </div>
            </div>
            <div
              class="ant-modal-body"
            >
              <form
                class="ant-form ant-form-horizontal"
              >
                <div
                  class="ant-form-item has-required-style css-1jlm9cy"
                >
                  <div
                    class="ant-row ant-form-item-row"
                  >
                    <div
                      class="ant-col ant-form-item-label"
                    >
                      <label
                        class="ant-form-item-required"
                        for="exportFileType"
                        title="导出文件类型"
                      >
                        导出文件类型
                      </label>
                    </div>
                    <div
                      class="ant-col ant-col-push-1 ant-form-item-control"
                    >
                      <div
                        class="ant-form-item-control-input"
                      >
                        <div
                          class="ant-form-item-control-input-content"
                        >
                          <div
                            aria-required="true"
                            class="ant-radio-group ant-radio-group-outline"
                            id="exportFileType"
                          >
                            <label
                              class="ant-radio-wrapper ant-radio-wrapper-checked ant-radio-wrapper-in-form-item"
                            >
                              <span
                                class="ant-radio ant-radio-checked"
                              >
                                <input
                                  checked=""
                                  class="ant-radio-input"
                                  type="radio"
                                  value="csv"
                                />
                                <span
                                  class="ant-radio-inner"
                                />
                              </span>
                              <span>
                                csv
                              </span>
                            </label>
                            <label
                              class="ant-radio-wrapper ant-radio-wrapper-in-form-item"
                            >
                              <span
                                class="ant-radio"
                              >
                                <input
                                  class="ant-radio-input"
                                  type="radio"
                                  value="json"
                                />
                                <span
                                  class="ant-radio-inner"
                                />
                              </span>
                              <span>
                                json
                              </span>
                            </label>
                          </div>
                        </div>
                      </div>
                    </div>
                  </div>
                </div>
              </form>
            </div>
            <div
              class="ant-modal-footer"
            >
              <button
                class="ant-btn ant-btn-default basic-button-wrapper css-10ae2zl"
                type="button"
              >
                <span>
                  取 消
                </span>
              </button>
              <button
                class="ant-btn ant-btn-primary basic-button-wrapper css-10ae2zl"
                type="button"
              >
                <span>
                  导 出
                </span>
              </button>
            </div>
          </div>
          <div
            aria-hidden="true"
            style="width: 0px; height: 0px; overflow: hidden; outline: none;"
            tabindex="0"
          />
        </div>
      </div>
    </div>
  </div>
</body>
`;
